// Jest Snapshot v1, https://goo.gl/fbAQLP

exports[`<AccountDataProvider /> matches snapshot 1`] = `
<ContextProvider
  value={
    Object {
      "accountWhitelist": Array [],
      "setAccountWhitelist": [Function],
    }
  }
>
  <div
    className="test"
  />
</ContextProvider>
`;
