// Jest Snapshot v1, https://goo.gl/fbAQLP

exports[`<AdminDataProvider /> matches snapshot 1`] = `
<ContextProvider
  value={
    Object {
      "admins": Array [],
      "setAdmins": [Function],
    }
  }
>
  <div
    className="test"
  />
</ContextProvider>
`;
