// Jest Snapshot v1, https://goo.gl/fbAQLP

exports[`<NodeDataProvider /> matches snapshot 1`] = `
<ContextProvider
  value={
    Object {
      "nodeWhitelist": Array [],
      "setNodeWhitelist": [Function],
    }
  }
>
  <div
    className="test"
  />
</ContextProvider>
`;
